// Jest Snapshot v1, https://goo.gl/fbAQLP

exports[`should render TradeTablePage 1`] = `
<PageMainContainer
  mobileMargin="30% 1.5rem"
>
  <TableTabs />
</PageMainContainer>
`;
