// Jest Snapshot v1, https://goo.gl/fbAQLP

exports[`should render TradeAddPage correctly 1`] = `
<div>
  <FormParent
    handleSubmit={[Function]}
  />
</div>
`;
